---
source: pretty_graphql/tests/fmt.rs
---
{
  shortWithList(list: [1, 2, 3])
  longWithList(
    list: [
      "hello world this is a very long string!"
      "hello world this is a very long string!"
      "hello world this is a very long string!"
    ]
  )
}
