---
source: pretty_graphql/tests/fmt.rs
---
type Video {
  playable_url(quality: String, preferred: String): Url
}
