---
source: pretty_graphql/tests/fmt.rs
---
type VRMConversation implements Node & Entity @foo {
  a: Int
}
