---
source: pretty_graphql/tests/fmt.rs
---
scalar Color @deprecated
