---
source: pretty_graphql/tests/fmt.rs
---
query Query @directive(key: [ 1, 2, 3 ]) {
  field
}
