---
source: pretty_graphql/tests/fmt.rs
---
query Query( $a: A ) @directive(key: "value") {
  field
}
