---
source: pretty_graphql/tests/fmt.rs
---
{
  posts {
    title
    votes
    author {
      firstName
      posts {
        author {
          firstName
        }
      }
    }
  }
}
