---
source: pretty_graphql/tests/fmt.rs
---
{
  field
}
