---
source: pretty_graphql/tests/fmt.rs
---
#comment
# comment

query {
  field
}
