---
source: pretty_graphql/tests/fmt.rs
---
interface Actor {
  # Id
  id: ID

  # Actor fields
  name: String
  kind: String
}
