---
source: pretty_graphql/tests/fmt.rs
---
enum State {
  PENDING
  VISIBLE
  ARCHIVED
}
