---
source: pretty_graphql/tests/fmt.rs
---
{
  # pretty-graphql-ignore
  hero {
       name
    height
  }
}

{
  # dprint-ignore
  hero {
    name
    height
  }
}
