---
source: pretty_graphql/tests/fmt.rs
---
{
  project(name: "GraphQL") {
    tagline
  }
}
