---
source: pretty_graphql/tests/fmt.rs
---
query {
  someField # Trailing comment
}
