---
source: pretty_graphql/tests/fmt.rs
---
# import "./claimsFragment.gql"

query claimsByBookingReferenceAndLastName(
  $bookingReference: String!
  $lastName: String!
) {
  claimsByBookingReferenceAndLastName(
    bookingReference: $bookingReference
    lastName: $lastName
  ) {
    ...claim
  }
}
